---
source: crates/gql_codegen_cli/tests/snapshots.rs
expression: content
---
export interface CreateUserInput {
  readonly name: string;
  readonly email?: string | null;
  readonly age?: number | null;
  readonly role?: Role | null;
}

export type DateTime = unknown;

export interface Mutation {
  readonly createUser: User;
  readonly updateUser?: User | null;
  readonly deleteUser: boolean;
}

export interface MutationCreateUserArgs {
  readonly input: CreateUserInput;
}

export interface MutationUpdateUserArgs {
  readonly id: string;
  readonly input: UpdateUserInput;
}

export interface MutationDeleteUserArgs {
  readonly id: string;
}

export interface Post {
  readonly id: string;
  readonly title: string;
  readonly body: string;
  readonly published: boolean;
  readonly author: User;
  readonly tags: ReadonlyArray<string>;
}

export interface Query {
  readonly user?: User | null;
  readonly users: ReadonlyArray<User>;
  readonly post?: Post | null;
}

export interface QueryUserArgs {
  readonly id: string;
}

export interface QueryUsersArgs {
  readonly filter?: UserFilter | null;
}

export interface QueryPostArgs {
  readonly id: string;
}

export type Role =
  | 'ADMIN'
  | 'USER'
  | 'GUEST'
  | '%future added value';

export interface UpdateUserInput {
  readonly name?: string | null;
  readonly email?: string | null;
  readonly age?: number | null;
  readonly role?: Role | null;
}

export interface User {
  readonly id: string;
  readonly name: string;
  readonly email?: string | null;
  readonly age?: number | null;
  readonly role: Role;
  readonly posts: ReadonlyArray<Post>;
  readonly createdAt: unknown;
}

export interface UserFilter {
  readonly role?: Role | null;
  readonly minAge?: number | null;
  readonly maxAge?: number | null;
}
