---
source: crates/gql_codegen_cli/tests/snapshots.rs
expression: types
---
export interface CreateUserInput {
  readonly name: string;
  readonly email?: string | null;
  readonly age?: number | null;
  readonly role?: Role | null;
}

export type DateTime = unknown;

export interface Mutation {
  readonly createUser: User;
  readonly updateUser?: User | null;
  readonly deleteUser: boolean;
}

export interface MutationCreateUserArgs {
  readonly input: CreateUserInput;
}

export interface MutationUpdateUserArgs {
  readonly id: string;
  readonly input: UpdateUserInput;
}

export interface MutationDeleteUserArgs {
  readonly id: string;
}

export interface Post {
  readonly id: string;
  readonly title: string;
  readonly body: string;
  readonly published: boolean;
  readonly author: User;
  readonly tags: ReadonlyArray<string>;
}

export interface Query {
  readonly user?: User | null;
  readonly users: ReadonlyArray<User>;
  readonly post?: Post | null;
}

export interface QueryUserArgs {
  readonly id: string;
}

export interface QueryUsersArgs {
  readonly filter?: UserFilter | null;
}

export interface QueryPostArgs {
  readonly id: string;
}

export type Role =
  | 'ADMIN'
  | 'USER'
  | 'GUEST'
  | '%future added value';

export interface UpdateUserInput {
  readonly name?: string | null;
  readonly email?: string | null;
  readonly age?: number | null;
  readonly role?: Role | null;
}

export interface User {
  readonly id: string;
  readonly name: string;
  readonly email?: string | null;
  readonly age?: number | null;
  readonly role: Role;
  readonly posts: ReadonlyArray<Post>;
  readonly createdAt: unknown;
}

export interface UserFilter {
  readonly role?: Role | null;
  readonly minAge?: number | null;
  readonly maxAge?: number | null;
}

export interface CreateUserMutation {
  readonly createUser: {
    readonly id: string;
    readonly name: string;
    readonly email?: string | null;
    readonly age?: number | null;
    readonly role: Role;
    readonly createdAt: unknown;
  };
}

export interface CreateUserMutationVariables {
  readonly input: CreateUserInput;
}

export interface DeleteUserMutation {
  readonly deleteUser: boolean;
}

export interface DeleteUserMutationVariables {
  readonly id: string;
}

export interface GetPostQuery {
  readonly post?: {
    readonly id: string;
    readonly title: string;
    readonly body: string;
    readonly published: boolean;
    readonly author: {
      readonly id: string;
      readonly name: string;
    };
    readonly tags: ReadonlyArray<string>;
  };
}

export interface GetPostQueryVariables {
  readonly id: string;
}

export interface GetUserQuery {
  readonly user?: {
    readonly id: string;
    readonly name: string;
    readonly email?: string | null;
    readonly age?: number | null;
    readonly role: Role;
    readonly createdAt: unknown;
    readonly posts: {
      readonly id: string;
      readonly title: string;
    };
  };
}

export interface GetUserQueryVariables {
  readonly id: string;
}

export interface GetUsersQuery {
  readonly users: {
    readonly id: string;
    readonly name: string;
    readonly email?: string | null;
    readonly age?: number | null;
    readonly role: Role;
    readonly createdAt: unknown;
  };
}

export interface GetUsersQueryVariables {
  readonly filter: UserFilter | null;
}

export interface PostFieldsFragment {
  readonly id: string;
  readonly title: string;
  readonly body: string;
  readonly published: boolean;
  readonly tags: ReadonlyArray<string>;
}

export interface UpdateUserMutation {
  readonly updateUser?: {
    readonly id: string;
    readonly name: string;
    readonly email?: string | null;
    readonly age?: number | null;
    readonly role: Role;
    readonly createdAt: unknown;
  };
}

export interface UpdateUserMutationVariables {
  readonly id: string;
  readonly input: UpdateUserInput;
}

export interface UserFieldsFragment {
  readonly id: string;
  readonly name: string;
  readonly email?: string | null;
  readonly age?: number | null;
  readonly role: Role;
  readonly createdAt: unknown;
}
