---
source: crates/gql_codegen_cli/tests/snapshots.rs
expression: types
---
export type Maybe<T> = T | null;

export interface Query {
  __typename: 'Query';
  user: Maybe<User>;
  users: Array<User>;
  post: Maybe<Post>;
}

export interface Mutation {
  __typename: 'Mutation';
  createUser: User;
  updateUser: Maybe<User>;
  deleteUser: boolean;
}

export interface User {
  __typename: 'User';
  id: string;
  name: string;
  email: Maybe<string>;
  age: Maybe<number>;
  role: Role;
  posts: Array<Post>;
  createdAt: DateTime;
}

export interface Post {
  __typename: 'Post';
  id: string;
  title: string;
  body: string;
  published: boolean;
  author: User;
  tags: Array<string>;
}

export interface CreateUserInput {
  name: string;
  email?: Maybe<string>;
  age?: Maybe<number>;
  role?: Maybe<Role>;
}

export interface UpdateUserInput {
  name?: Maybe<string>;
  email?: Maybe<string>;
  age?: Maybe<number>;
  role?: Maybe<Role>;
}

export interface UserFilter {
  role?: Maybe<Role>;
  minAge?: Maybe<number>;
  maxAge?: Maybe<number>;
}

export enum Role {
  ADMIN = 'ADMIN',
  USER = 'USER',
  GUEST = 'GUEST',
}

export type DateTime = unknown;

export interface UserFields {
  id: string;
  name: string;
  email?: string | null;
  age?: number | null;
  role: Role;
  createdAt: DateTime;
}

export interface PostFields {
  id: string;
  title: string;
  body: string;
  published: boolean;
  tags: Array<string>;
}

export interface GetUser {
  user?:  {
    id: string;
    name: string;
    email?: string | null;
    age?: number | null;
    role: Role;
    createdAt: DateTime;
    posts: Array< {
      id: string;
      title: string;
    }>;
  };
}

export interface GetUserVariables {
  id: string;
}

export interface GetUsers {
  users: Array< {
    id: string;
    name: string;
    email?: string | null;
    age?: number | null;
    role: Role;
    createdAt: DateTime;
  }>;
}

export interface GetUsersVariables {
  filter?: UserFilter | null;
}

export interface GetPost {
  post?:  {
    id: string;
    title: string;
    body: string;
    published: boolean;
    author:  {
      id: string;
      name: string;
    };
    tags: Array<string>;
  };
}

export interface GetPostVariables {
  id: string;
}

export interface CreateUser {
  createUser:  {
    id: string;
    name: string;
    email?: string | null;
    age?: number | null;
    role: Role;
    createdAt: DateTime;
  };
}

export interface CreateUserVariables {
  input: CreateUserInput;
}

export interface UpdateUser {
  updateUser?:  {
    id: string;
    name: string;
    email?: string | null;
    age?: number | null;
    role: Role;
    createdAt: DateTime;
  };
}

export interface UpdateUserVariables {
  id: string;
  input: UpdateUserInput;
}

export interface DeleteUser {
  deleteUser: boolean;
}

export interface DeleteUserVariables {
  id: string;
}
