---
source: crates/gql_codegen_core/src/generators/typescript_operations.rs
expression: result
---
export interface UserFields {
  id: string;
  name: string;
  email?: string | null;
}

export interface PostFields {
  id: string;
  title: string;
  body: string;
}

export interface GetUserWithFragments {
  user?:  {
    id: string;
    name: string;
    email?: string | null;
    posts: Array< {
      id: string;
      title: string;
      body: string;
    }>;
  };
}

export interface GetUserWithFragmentsVariables {
  id: string;
}
