---
source: crates/gql_codegen_core/tests/generators/typescript_operations/mod.rs
expression: output
---
export interface GetUserWithFragments {
  readonly user?:  {
    readonly id: string;
    readonly name: string;
    readonly email?: string | null;
    readonly posts: Array< {
      readonly id: string;
      readonly title: string;
      readonly body: string;
    }>;
  };
}

export interface GetUserWithFragmentsVariables {
  readonly id: string;
}

export interface PostFields {
  readonly id: string;
  readonly title: string;
  readonly body: string;
}

export interface UserFields {
  readonly id: string;
  readonly name: string;
  readonly email?: string | null;
}
