---
source: crates/gql_codegen_core/tests/generators/typescript_operations/mod.rs
expression: output
---
export interface CreateUserMutation {
  readonly createUser: {
    readonly id: string;
    readonly name: string;
  };
}

export interface CreateUserMutationVariables {
  readonly input: CreateUserInput;
}

export interface GetUserQuery {
  readonly user?: {
    readonly id: string;
    readonly name: string;
    readonly email?: string | null;
  };
}

export interface GetUserQueryVariables {
  readonly id: string;
}

export interface GetUsersQuery {
  readonly users: {
    readonly id: string;
    readonly name: string;
  };
}
