---
source: crates/gql_codegen_core/tests/generators/typescript/scalars.rs
expression: output
---
export type DateTime = string;

export type JSON = Record<string, unknown>;

export type Money = number;

export interface Query {
  readonly __typename?: 'Query';
  readonly _empty?: string | null;
  readonly createdAt?: string | null;
  readonly amount?: number | null;
  readonly data?: Record<string, unknown> | null;
}
