---
source: crates/gql_codegen_core/tests/generators/typescript/scalars.rs
expression: output
---
export type DateTime = unknown;

export type JSON = unknown;

export type Money = unknown;

export interface Query {
  readonly _empty?: string | null;
  readonly createdAt?: unknown | null;
  readonly amount?: unknown | null;
  readonly data?: unknown | null;
}
