---
source: crates/gql_codegen_core/tests/generators/typescript/scalars.rs
expression: output
---
export type DateTime = any;

export type JSON = any;

export type Money = any;

export interface Query {
  readonly _empty?: string | null;
  readonly createdAt?: any | null;
  readonly amount?: any | null;
  readonly data?: any | null;
}
