---
source: crates/gql_codegen_core/tests/generators/typescript/objects.rs
expression: output
---
export type Maybe<T> = T | null;

export interface Query {
  readonly __typename: 'Query';
  readonly _empty: Maybe<string>;
  readonly user: Maybe<User>;
  readonly post: Maybe<Post>;
}

export interface User {
  readonly __typename: 'User';
  readonly id: string;
  readonly name: string;
  readonly email: Maybe<string>;
  readonly age: Maybe<number>;
}

export interface Post {
  readonly __typename: 'Post';
  readonly id: string;
  readonly title: string;
  readonly body: Maybe<string>;
  readonly published: boolean;
}
