---
source: crates/gql_codegen_core/tests/generators/typescript/naming.rs
expression: output
---
export interface CreateUserInput {
  readonly user_name: string;
  readonly email_address: string;
}

export interface HttpStatus {
  readonly statusCode: number;
}

export interface Query {
  readonly _empty?: string | null;
  readonly userProfile?: UserProfile | null;
  readonly httpStatus?: HttpStatus | null;
}

export interface UserProfile {
  readonly firstName: string;
  readonly lastName: string;
}

export type UserRole =
  | 'adminUser'
  | 'regularUser'
  | 'guestUser'
  | '%future added value';
