---
source: crates/gql_codegen_core/tests/generators/typescript/enums.rs
expression: output
---
export type Color =
  | 'RED'
  | 'GREEN'
  | 'BLUE'
  | '%future added value';

export interface Query {
  readonly _empty?: string | null;
  readonly status?: Status | null;
  readonly color?: Color | null;
}

export type Status =
  | 'ACTIVE'
  | 'INACTIVE'
  | 'PENDING'
  | '%future added value';
