---
source: crates/gql_codegen_core/tests/generators/typescript/naming.rs
expression: output
---
export interface CREATE_USER_INPUT {
  readonly user_name: string;
  readonly email_address: string;
}

export interface HTTP_STATUS {
  readonly __typename?: 'HTTP_STATUS';
  readonly statusCode: number;
}

export interface QUERY {
  readonly __typename?: 'Query';
  readonly _empty?: string | null;
  readonly userProfile?: USER_PROFILE | null;
  readonly httpStatus?: HTTP_STATUS | null;
}

export interface USER_PROFILE {
  readonly __typename?: 'UserProfile';
  readonly firstName: string;
  readonly lastName: string;
}

export enum USER_ROLE {
  ADMIN_USER = 'ADMIN_USER',
  REGULAR_USER = 'regular_user',
  GUEST_USER = 'GuestUser',
}
