---
source: crates/gql_codegen_core/tests/generators/typescript/interfaces.rs
expression: output
---
export interface Article implements Node {
  readonly id: string;
  readonly title: string;
}

export interface Comment implements Node {
  readonly id: string;
  readonly text: string;
}

export interface Node {
  readonly id: string;
}

export interface Query {
  readonly _empty?: string | null;
  readonly node?: Node | null;
}
